// Jest Snapshot v1, https://goo.gl/fbAQLP

exports[`Checking that sigIn component matches snapshot 1`] = `
<div>
  <home />
</div>
`;
