// Jest Snapshot v1, https://goo.gl/fbAQLP

exports[`Checking that signUp component matches snapshot 1`] = `
<div>
  <signup />
</div>
`;
